
> gradetier@1.0.0 test
> node --test --test-concurrency=1 test/*.test.js

TAP version 13
# Subtest: asyncMap maps values
ok 1 - asyncMap maps values
  ---
  duration_ms: 1.5143
  type: 'test'
  ...
# Subtest: resolveDataPath: default points to data/grades.json
ok 2 - resolveDataPath: default points to data/grades.json
  ---
  duration_ms: 81.9575
  type: 'test'
  ...
# Subtest: resolveDataPath: relative path under cwd
ok 3 - resolveDataPath: relative path under cwd
  ---
  duration_ms: 2.3056
  type: 'test'
  ...
# Subtest: JSON mode: getDataset loads sample and caches by mtime
not ok 4 - JSON mode: getDataset loads sample and caches by mtime
  ---
  duration_ms: 5.3371
  type: 'test'
  location: 'Z:\\kursova-nodejs\\test\\dataService.test.js:41:1'
  failureType: 'testCodeFailure'
  error: 'DATA_READ_ERROR'
  code: 'DATA_READ_ERROR'
  stack: |-
    loadData (Z:\kursova-nodejs\src\repository\gradeRepository.js:141:17)
    async Object.getDataset (Z:\kursova-nodejs\src\web\dataService.js:95:18)
    async TestContext.<anonymous> (Z:\kursova-nodejs\test\dataService.test.js:45:17)
    async Test.run (node:internal/test_runner/test:1054:7)
    async Test.processPendingSubtests (node:internal/test_runner/test:744:7)
  ...
# Subtest: JSON mode: getDatasetVersion before load
ok 5 - JSON mode: getDatasetVersion before load
  ---
  duration_ms: 1.6418
  type: 'test'
  ...
# Subtest: SQLite mode: getDatasetVersion tracks bumpDatasetRevision
ok 6 - SQLite mode: getDatasetVersion tracks bumpDatasetRevision
  ---
  duration_ms: 0.8815
  type: 'test'
  ...
# Subtest: normalizePeriod: ╨┐╨╛╨▓╨╡╤А╤В╨░╤Ф "all" ╨┤╨╗╤П undefined
ok 7 - normalizePeriod: ╨┐╨╛╨▓╨╡╤А╤В╨░╤Ф "all" ╨┤╨╗╤П undefined
  ---
  duration_ms: 1.8407
  type: 'test'
  ...
# Subtest: normalizePeriod: ╨┐╨╛╨▓╨╡╤А╤В╨░╤Ф "all" ╨┤╨╗╤П null
ok 8 - normalizePeriod: ╨┐╨╛╨▓╨╡╤А╤В╨░╤Ф "all" ╨┤╨╗╤П null
  ---
  duration_ms: 0.1597
  type: 'test'
  ...
# Subtest: normalizePeriod: ╨┐╨╛╨▓╨╡╤А╤В╨░╤Ф "all" ╨┤╨╗╤П ╨┐╨╛╤А╨╛╨╢╨╜╤М╨╛╨│╨╛ ╤А╤П╨┤╨║╨░
ok 9 - normalizePeriod: ╨┐╨╛╨▓╨╡╤А╤В╨░╤Ф "all" ╨┤╨╗╤П ╨┐╨╛╤А╨╛╨╢╨╜╤М╨╛╨│╨╛ ╤А╤П╨┤╨║╨░
  ---
  duration_ms: 0.1342
  type: 'test'
  ...
# Subtest: normalizePeriod: ╤А╨╛╨╖╨┐╤Ц╨╖╨╜╨░╤Ф "1"
ok 10 - normalizePeriod: ╤А╨╛╨╖╨┐╤Ц╨╖╨╜╨░╤Ф "1"
  ---
  duration_ms: 0.0954
  type: 'test'
  ...
# Subtest: normalizePeriod: ╤А╨╛╨╖╨┐╤Ц╨╖╨╜╨░╤Ф ╨┐╤Б╨╡╨▓╨┤╨╛╨╜╤Ц╨╝ "sem1"
ok 11 - normalizePeriod: ╤А╨╛╨╖╨┐╤Ц╨╖╨╜╨░╤Ф ╨┐╤Б╨╡╨▓╨┤╨╛╨╜╤Ц╨╝ "sem1"
  ---
  duration_ms: 0.1699
  type: 'test'
  ...
# Subtest: normalizePeriod: ╤А╨╛╨╖╨┐╤Ц╨╖╨╜╨░╤Ф ╨┐╤Б╨╡╨▓╨┤╨╛╨╜╤Ц╨╝ "semester1"
ok 12 - normalizePeriod: ╤А╨╛╨╖╨┐╤Ц╨╖╨╜╨░╤Ф ╨┐╤Б╨╡╨▓╨┤╨╛╨╜╤Ц╨╝ "semester1"
  ---
  duration_ms: 0.0905
  type: 'test'
  ...
# Subtest: normalizePeriod: ╤А╨╛╨╖╨┐╤Ц╨╖╨╜╨░╤Ф ╤А╨╕╨╝╤Б╤М╨║╤Г ╤Ж╨╕╤Д╤А╤Г "I"
ok 13 - normalizePeriod: ╤А╨╛╨╖╨┐╤Ц╨╖╨╜╨░╤Ф ╤А╨╕╨╝╤Б╤М╨║╤Г ╤Ж╨╕╤Д╤А╤Г "I"
  ---
  duration_ms: 0.1767
  type: 'test'
  ...
# Subtest: normalizePeriod: ╤А╨╛╨╖╨┐╤Ц╨╖╨╜╨░╤Ф "2"
ok 14 - normalizePeriod: ╤А╨╛╨╖╨┐╤Ц╨╖╨╜╨░╤Ф "2"
  ---
  duration_ms: 0.0924
  type: 'test'
  ...
# Subtest: normalizePeriod: ╤А╨╛╨╖╨┐╤Ц╨╖╨╜╨░╤Ф ╨┐╤Б╨╡╨▓╨┤╨╛╨╜╤Ц╨╝ "sem2"
ok 15 - normalizePeriod: ╤А╨╛╨╖╨┐╤Ц╨╖╨╜╨░╤Ф ╨┐╤Б╨╡╨▓╨┤╨╛╨╜╤Ц╨╝ "sem2"
  ---
  duration_ms: 0.3911
  type: 'test'
  ...
# Subtest: normalizePeriod: ╤А╨╛╨╖╨┐╤Ц╨╖╨╜╨░╤Ф ╨┐╤Б╨╡╨▓╨┤╨╛╨╜╤Ц╨╝ "semester2"
ok 16 - normalizePeriod: ╤А╨╛╨╖╨┐╤Ц╨╖╨╜╨░╤Ф ╨┐╤Б╨╡╨▓╨┤╨╛╨╜╤Ц╨╝ "semester2"
  ---
  duration_ms: 0.4033
  type: 'test'
  ...
# Subtest: normalizePeriod: ╤А╨╛╨╖╨┐╤Ц╨╖╨╜╨░╤Ф ╤А╨╕╨╝╤Б╤М╨║╤Г ╤Ж╨╕╤Д╤А╤Г "II"
ok 17 - normalizePeriod: ╤А╨╛╨╖╨┐╤Ц╨╖╨╜╨░╤Ф ╤А╨╕╨╝╤Б╤М╨║╤Г ╤Ж╨╕╤Д╤А╤Г "II"
  ---
  duration_ms: 0.1832
  type: 'test'
  ...
# Subtest: normalizePeriod: ╨╜╨╡╨▓╤Ц╨┤╨╛╨╝╨╡ ╨╖╨╜╨░╤З╨╡╨╜╨╜╤П ╨┐╨╛╨▓╨╡╤А╤В╨░╤Ф "all"
ok 18 - normalizePeriod: ╨╜╨╡╨▓╤Ц╨┤╨╛╨╝╨╡ ╨╖╨╜╨░╤З╨╡╨╜╨╜╤П ╨┐╨╛╨▓╨╡╤А╤В╨░╤Ф "all"
  ---
  duration_ms: 0.1199
  type: 'test'
  ...
# Subtest: filterGradesByPeriod: "all" ╨┐╨╛╨▓╨╡╤А╤В╨░╤Ф ╨▓╤Б╤Ц ╨╛╤Ж╤Ц╨╜╨║╨╕
ok 19 - filterGradesByPeriod: "all" ╨┐╨╛╨▓╨╡╤А╤В╨░╤Ф ╨▓╤Б╤Ц ╨╛╤Ж╤Ц╨╜╨║╨╕
  ---
  duration_ms: 0.1085
  type: 'test'
  ...
# Subtest: filterGradesByPeriod: "1" ╨╖╨░╨╗╨╕╤И╨░╤Ф ╨╗╨╕╤И╨╡ ╨╛╤Ж╤Ц╨╜╨║╨╕ 1-╨│╨╛ ╤Б╨╡╨╝╨╡╤Б╤В╤А╤Г
ok 20 - filterGradesByPeriod: "1" ╨╖╨░╨╗╨╕╤И╨░╤Ф ╨╗╨╕╤И╨╡ ╨╛╤Ж╤Ц╨╜╨║╨╕ 1-╨│╨╛ ╤Б╨╡╨╝╨╡╤Б╤В╤А╤Г
  ---
  duration_ms: 0.1798
  type: 'test'
  ...
# Subtest: filterGradesByPeriod: "2" ╨╖╨░╨╗╨╕╤И╨░╤Ф ╨╗╨╕╤И╨╡ ╨╛╤Ж╤Ц╨╜╨║╨╕ 2-╨│╨╛ ╤Б╨╡╨╝╨╡╤Б╤В╤А╤Г
ok 21 - filterGradesByPeriod: "2" ╨╖╨░╨╗╨╕╤И╨░╤Ф ╨╗╨╕╤И╨╡ ╨╛╤Ж╤Ц╨╜╨║╨╕ 2-╨│╨╛ ╤Б╨╡╨╝╨╡╤Б╤В╤А╤Г
  ---
  duration_ms: 0.1144
  type: 'test'
  ...
# Subtest: filterGradesByPeriod: ╤Б╤Г╨╝╨░ ╤Б╨╡╨╝1 + ╤Б╨╡╨╝2 ╨┤╨╛╤А╤Ц╨▓╨╜╤О╤Ф ╨╖╨░╨│╨░╨╗╤М╨╜╤Ц╨╣ ╨║╤Ц╨╗╤М╨║╨╛╤Б╤В╤Ц
ok 22 - filterGradesByPeriod: ╤Б╤Г╨╝╨░ ╤Б╨╡╨╝1 + ╤Б╨╡╨╝2 ╨┤╨╛╤А╤Ц╨▓╨╜╤О╤Ф ╨╖╨░╨│╨░╨╗╤М╨╜╤Ц╨╣ ╨║╤Ц╨╗╤М╨║╨╛╤Б╤В╤Ц
  ---
  duration_ms: 0.2604
  type: 'test'
  ...
# Subtest: filterGradesByPeriod: ╨┐╤Б╨╡╨▓╨┤╨╛╨╜╤Ц╨╝ "sem1" ╨┤╨░╤Ф ╤В╨╛╨╣ ╤Б╨░╨╝╨╕╨╣ ╤А╨╡╨╖╤Г╨╗╤М╤В╨░╤В
ok 23 - filterGradesByPeriod: ╨┐╤Б╨╡╨▓╨┤╨╛╨╜╤Ц╨╝ "sem1" ╨┤╨░╤Ф ╤В╨╛╨╣ ╤Б╨░╨╝╨╕╨╣ ╤А╨╡╨╖╤Г╨╗╤М╤В╨░╤В
  ---
  duration_ms: 0.1194
  type: 'test'
  ...
# Subtest: valueToECTS: 100 тЖТ A
ok 24 - valueToECTS: 100 тЖТ A
  ---
  duration_ms: 0.0925
  type: 'test'
  ...
# Subtest: valueToECTS: 90 тЖТ A (╨╜╨╕╨╢╨╜╤П ╨╝╨╡╨╢╨░ A)
ok 25 - valueToECTS: 90 тЖТ A (╨╜╨╕╨╢╨╜╤П ╨╝╨╡╨╢╨░ A)
  ---
  duration_ms: 0.0707
  type: 'test'
  ...
# Subtest: valueToECTS: 89 тЖТ B
ok 26 - valueToECTS: 89 тЖТ B
  ---
  duration_ms: 0.0832
  type: 'test'
  ...
# Subtest: valueToECTS: 82 тЖТ B (╨╜╨╕╨╢╨╜╤П ╨╝╨╡╨╢╨░ B)
ok 27 - valueToECTS: 82 тЖТ B (╨╜╨╕╨╢╨╜╤П ╨╝╨╡╨╢╨░ B)
  ---
  duration_ms: 0.1156
  type: 'test'
  ...
# Subtest: valueToECTS: 81 тЖТ C
ok 28 - valueToECTS: 81 тЖТ C
  ---
  duration_ms: 0.1005
  type: 'test'
  ...
# Subtest: valueToECTS: 74 тЖТ C (╨╜╨╕╨╢╨╜╤П ╨╝╨╡╨╢╨░ C)
ok 29 - valueToECTS: 74 тЖТ C (╨╜╨╕╨╢╨╜╤П ╨╝╨╡╨╢╨░ C)
  ---
  duration_ms: 0.0786
  type: 'test'
  ...
# Subtest: valueToECTS: 73 тЖТ D
ok 30 - valueToECTS: 73 тЖТ D
  ---
  duration_ms: 0.0632
  type: 'test'
  ...
# Subtest: valueToECTS: 64 тЖТ D (╨╜╨╕╨╢╨╜╤П ╨╝╨╡╨╢╨░ D)
ok 31 - valueToECTS: 64 тЖТ D (╨╜╨╕╨╢╨╜╤П ╨╝╨╡╨╢╨░ D)
  ---
  duration_ms: 0.061
  type: 'test'
  ...
# Subtest: valueToECTS: 63 тЖТ E
ok 32 - valueToECTS: 63 тЖТ E
  ---
  duration_ms: 0.0834
  type: 'test'
  ...
# Subtest: valueToECTS: 60 тЖТ E (╨╜╨╕╨╢╨╜╤П ╨╝╨╡╨╢╨░ E)
ok 33 - valueToECTS: 60 тЖТ E (╨╜╨╕╨╢╨╜╤П ╨╝╨╡╨╢╨░ E)
  ---
  duration_ms: 0.0648
  type: 'test'
  ...
# Subtest: valueToECTS: 59 тЖТ F
ok 34 - valueToECTS: 59 тЖТ F
  ---
  duration_ms: 0.0618
  type: 'test'
  ...
# Subtest: valueToECTS: 0 тЖТ F
ok 35 - valueToECTS: 0 тЖТ F
  ---
  duration_ms: 0.0643
  type: 'test'
  ...
# Subtest: valueToECTS: NaN тЖТ null
ok 36 - valueToECTS: NaN тЖТ null
  ---
  duration_ms: 0.1112
  type: 'test'
  ...
# Subtest: valueToECTS: Infinity тЖТ null
ok 37 - valueToECTS: Infinity тЖТ null
  ---
  duration_ms: 0.0712
  type: 'test'
  ...
# Subtest: attendanceAggregate: ╨┐╨╛╤А╨╛╨╢╨╜╤Ц╨╣ ╤Б╨┐╨╕╤Б╨╛╨║ тЖТ attended=0, total=0, percent=NaN
ok 38 - attendanceAggregate: ╨┐╨╛╤А╨╛╨╢╨╜╤Ц╨╣ ╤Б╨┐╨╕╤Б╨╛╨║ тЖТ attended=0, total=0, percent=NaN
  ---
  duration_ms: 0.1207
  type: 'test'
  ...
# Subtest: attendanceAggregate: ╨╛╨┤╨╕╨╜ ╨╖╨░╨┐╨╕╤Б тЖТ ╨┐╤А╨░╨▓╨╕╨╗╤М╨╜╨╕╨╣ ╨▓╤Ц╨┤╤Б╨╛╤В╨╛╨║
ok 39 - attendanceAggregate: ╨╛╨┤╨╕╨╜ ╨╖╨░╨┐╨╕╤Б тЖТ ╨┐╤А╨░╨▓╨╕╨╗╤М╨╜╨╕╨╣ ╨▓╤Ц╨┤╤Б╨╛╤В╨╛╨║
  ---
  duration_ms: 0.0951
  type: 'test'
  ...
# Subtest: attendanceAggregate: ╨║╤Ц╨╗╤М╨║╨░ ╨╖╨░╨┐╨╕╤Б╤Ц╨▓ ╨┐╤Ц╨┤╤Б╤Г╨╝╨╛╨▓╤Г╤О╤В╤М╤Б╤П ╨┐╤А╨░╨▓╨╕╨╗╤М╨╜╨╛
ok 40 - attendanceAggregate: ╨║╤Ц╨╗╤М╨║╨░ ╨╖╨░╨┐╨╕╤Б╤Ц╨▓ ╨┐╤Ц╨┤╤Б╤Г╨╝╨╛╨▓╤Г╤О╤В╤М╤Б╤П ╨┐╤А╨░╨▓╨╕╨╗╤М╨╜╨╛
  ---
  duration_ms: 0.0759
  type: 'test'
  ...
# Subtest: attendanceAggregate: ╨▓╤Ц╨┤╨▓╤Ц╨┤╤Г╨▓╨░╨╜╤Ц╤Б╤В╤М 100%
ok 41 - attendanceAggregate: ╨▓╤Ц╨┤╨▓╤Ц╨┤╤Г╨▓╨░╨╜╤Ц╤Б╤В╤М 100%
  ---
  duration_ms: 0.069
  type: 'test'
  ...
# Subtest: buildStudentReport: ╨┐╨╛╨▓╨╡╤А╤В╨░╤Ф ╨╛╨┤╨╕╨╜ ╤А╤П╨┤╨╛╨║ ╨╜╨░ ╤Б╤В╤Г╨┤╨╡╨╜╤В╨░
ok 42 - buildStudentReport: ╨┐╨╛╨▓╨╡╤А╤В╨░╤Ф ╨╛╨┤╨╕╨╜ ╤А╤П╨┤╨╛╨║ ╨╜╨░ ╤Б╤В╤Г╨┤╨╡╨╜╤В╨░
  ---
  duration_ms: 2.1635
  type: 'test'
  ...
# Subtest: buildStudentReport: ╨║╨╛╨╢╨╡╨╜ ╤А╤П╨┤╨╛╨║ ╨╝╤Ц╤Б╤В╨╕╤В╤М ╨╛╨▒╨╛╨▓'╤П╨╖╨║╨╛╨▓╤Ц ╨┐╨╛╨╗╤П
ok 43 - buildStudentReport: ╨║╨╛╨╢╨╡╨╜ ╤А╤П╨┤╨╛╨║ ╨╝╤Ц╤Б╤В╨╕╤В╤М ╨╛╨▒╨╛╨▓'╤П╨╖╨║╨╛╨▓╤Ц ╨┐╨╛╨╗╤П
  ---
  duration_ms: 1.0427
  type: 'test'
  ...
# Subtest: buildStudentReport: ╨╛╤Е╨╛╨┐╨╗╤О╤Ф ╨▓╤Б╤Ц 5 ╨│╤А╤Г╨┐
ok 44 - buildStudentReport: ╨╛╤Е╨╛╨┐╨╗╤О╤Ф ╨▓╤Б╤Ц 5 ╨│╤А╤Г╨┐
  ---
  duration_ms: 0.8815
  type: 'test'
  ...
# Subtest: buildStudentReport: ╨║╨╛╨╢╨╜╨░ ╨│╤А╤Г╨┐╨░ ╨╝╨░╤Ф ╤А╤Ц╨▓╨╜╨╛ 30 ╤Б╤В╤Г╨┤╨╡╨╜╤В╤Ц╨▓
ok 45 - buildStudentReport: ╨║╨╛╨╢╨╜╨░ ╨│╤А╤Г╨┐╨░ ╨╝╨░╤Ф ╤А╤Ц╨▓╨╜╨╛ 30 ╤Б╤В╤Г╨┤╨╡╨╜╤В╤Ц╨▓
  ---
  duration_ms: 0.7336
  type: 'test'
  ...
# Subtest: buildStudentReport: ╤Б╨╡╤А╨╡╨┤╨╜╤Ц╨╣ ╨▒╨░╨╗ ╨▓ ╨╝╨╡╨╢╨░╤Е [0, 100]
ok 46 - buildStudentReport: ╤Б╨╡╤А╨╡╨┤╨╜╤Ц╨╣ ╨▒╨░╨╗ ╨▓ ╨╝╨╡╨╢╨░╤Е [0, 100]
  ---
  duration_ms: 0.6439
  type: 'test'
  ...
# Subtest: buildStudentReport: ECTS ╨╝╨░╤Ф ╨┤╨╛╨┐╤Г╤Б╤В╨╕╨╝╨╡ ╨╖╨╜╨░╤З╨╡╨╜╨╜╤П
ok 47 - buildStudentReport: ECTS ╨╝╨░╤Ф ╨┤╨╛╨┐╤Г╤Б╤В╨╕╨╝╨╡ ╨╖╨╜╨░╤З╨╡╨╜╨╜╤П
  ---
  duration_ms: 0.6041
  type: 'test'
  ...
# Subtest: buildStudentAverage: ╤Ц╨┤╨╡╨╜╤В╨╕╤З╨╜╨╕╨╣ ╤А╨╡╨╖╤Г╨╗╤М╤В╨░╤В╤Г buildStudentReport
ok 48 - buildStudentAverage: ╤Ц╨┤╨╡╨╜╤В╨╕╤З╨╜╨╕╨╣ ╤А╨╡╨╖╤Г╨╗╤М╤В╨░╤В╤Г buildStudentReport
  ---
  duration_ms: 1.4659
  type: 'test'
  ...
# Subtest: buildStudentReport: ╨╝╨╡╨╝╨╛╤Ц╨╖╨░╤Ж╤Ц╤П тАФ ╨┐╨╛╨▓╤В╨╛╤А╨╜╨╕╨╣ ╨▓╨╕╨║╨╗╨╕╨║ ╨┐╨╛╨▓╨╡╤А╤В╨░╤Ф ╤В╨╛╨╣ ╤Б╨░╨╝╨╕╨╣ ╨╛╨▒'╤Ф╨║╤В
ok 49 - buildStudentReport: ╨╝╨╡╨╝╨╛╤Ц╨╖╨░╤Ж╤Ц╤П тАФ ╨┐╨╛╨▓╤В╨╛╤А╨╜╨╕╨╣ ╨▓╨╕╨║╨╗╨╕╨║ ╨┐╨╛╨▓╨╡╤А╤В╨░╤Ф ╤В╨╛╨╣ ╤Б╨░╨╝╨╕╨╣ ╨╛╨▒'╤Ф╨║╤В
  ---
  duration_ms: 1.1743
  type: 'test'
  ...
# Subtest: buildStudentReport: ╤Б╤В╤Г╨┤╨╡╨╜╤В ╨▒╨╡╨╖ ╨╛╤Ж╤Ц╨╜╨╛╨║ ╨╝╨░╤Ф average=NaN, gradeCount=0
ok 50 - buildStudentReport: ╤Б╤В╤Г╨┤╨╡╨╜╤В ╨▒╨╡╨╖ ╨╛╤Ж╤Ц╨╜╨╛╨║ ╨╝╨░╤Ф average=NaN, gradeCount=0
  ---
  duration_ms: 0.203
  type: 'test'
  ...
# Subtest: buildStudentSubjectAverage: ╤Д╤Ц╨╗╤М╤В╤А╤Г╤Ф ╨╖╨░ ╨┐╤А╨╡╨┤╨╝╨╡╤В╨╛╨╝ ╨┐╤А╨░╨▓╨╕╨╗╤М╨╜╨╛
ok 51 - buildStudentSubjectAverage: ╤Д╤Ц╨╗╤М╤В╤А╤Г╤Ф ╨╖╨░ ╨┐╤А╨╡╨┤╨╝╨╡╤В╨╛╨╝ ╨┐╤А╨░╨▓╨╕╨╗╤М╨╜╨╛
  ---
  duration_ms: 3.2978
  type: 'test'
  ...
# Subtest: buildStudentSubjectAverage: ╨┐╨╛╤А╨╛╨╢╨╜╤Ц╨╣ ╨┐╤А╨╡╨┤╨╝╨╡╤В ╨┐╨╛╨▓╨╡╤А╤В╨░╤Ф NaN
ok 52 - buildStudentSubjectAverage: ╨┐╨╛╤А╨╛╨╢╨╜╤Ц╨╣ ╨┐╤А╨╡╨┤╨╝╨╡╤В ╨┐╨╛╨▓╨╡╤А╤В╨░╤Ф NaN
  ---
  duration_ms: 0.8346
  type: 'test'
  ...
# Subtest: buildStudentSubjectAverage: ╨╜╨╡╨▓╤Ц╨┤╨╛╨╝╨╕╨╣ ╨┐╤А╨╡╨┤╨╝╨╡╤В тЖТ gradeCount=0, average=NaN
ok 53 - buildStudentSubjectAverage: ╨╜╨╡╨▓╤Ц╨┤╨╛╨╝╨╕╨╣ ╨┐╤А╨╡╨┤╨╝╨╡╤В тЖТ gradeCount=0, average=NaN
  ---
  duration_ms: 1.8905
  type: 'test'
  ...
# Subtest: buildStudentSubjectAverage: ╨┐╨╛╤И╤Г╨║ ╨┐╤А╨╡╨┤╨╝╨╡╤В╨░ ╨╜╨╡╤З╤Г╤В╨╗╨╕╨▓╨╕╨╣ ╨┤╨╛ ╤А╨╡╨│╤Ц╤Б╤В╤А╤Г
ok 54 - buildStudentSubjectAverage: ╨┐╨╛╤И╤Г╨║ ╨┐╤А╨╡╨┤╨╝╨╡╤В╨░ ╨╜╨╡╤З╤Г╤В╨╗╨╕╨▓╨╕╨╣ ╨┤╨╛ ╤А╨╡╨│╤Ц╤Б╤В╤А╤Г
  ---
  duration_ms: 2.6479
  type: 'test'
  ...
# Subtest: buildStudentSubjectAverage: ╨╝╨╡╨╝╨╛╤Ц╨╖╨░╤Ж╤Ц╤П тАФ ╨╛╨┤╨╜╨░╨║╨╛╨▓╤Ц ╨░╤А╨│╤Г╨╝╨╡╨╜╤В╨╕ ╨┤╨░╤О╤В╤М ╤В╨╛╨╣ ╤Б╨░╨╝╨╕╨╣ ╨╛╨▒'╤Ф╨║╤В
ok 55 - buildStudentSubjectAverage: ╨╝╨╡╨╝╨╛╤Ц╨╖╨░╤Ж╤Ц╤П тАФ ╨╛╨┤╨╜╨░╨║╨╛╨▓╤Ц ╨░╤А╨│╤Г╨╝╨╡╨╜╤В╨╕ ╨┤╨░╤О╤В╤М ╤В╨╛╨╣ ╤Б╨░╨╝╨╕╨╣ ╨╛╨▒'╤Ф╨║╤В
  ---
  duration_ms: 2.218
  type: 'test'
  ...
# Subtest: sortStudents: by-name тАФ ╤Б╨╛╤А╤В╤Г╨▓╨░╨╜╨╜╤П ╨╖╨░ ╨░╨╗╤Д╨░╨▓╤Ц╤В╨╛╨╝ (uk)
ok 56 - sortStudents: by-name тАФ ╤Б╨╛╤А╤В╤Г╨▓╨░╨╜╨╜╤П ╨╖╨░ ╨░╨╗╤Д╨░╨▓╤Ц╤В╨╛╨╝ (uk)
  ---
  duration_ms: 9.6459
  type: 'test'
  ...
# Subtest: sortStudents: by-average-desc тАФ ╨╜╨░╨╣╨▓╨╕╤Й╨╕╨╣ ╨▒╨░╨╗ ╨╜╨░ ╨┐╨╛╤З╨░╤В╨║╤Г
ok 57 - sortStudents: by-average-desc тАФ ╨╜╨░╨╣╨▓╨╕╤Й╨╕╨╣ ╨▒╨░╨╗ ╨╜╨░ ╨┐╨╛╤З╨░╤В╨║╤Г
  ---
  duration_ms: 0.9144
  type: 'test'
  ...
# Subtest: sortStudents: by-count-desc тАФ ╨╜╨░╨╣╨▒╤Ц╨╗╤М╤И╨░ ╨║╤Ц╨╗╤М╨║╤Ц╤Б╤В╤М ╨╛╤Ж╤Ц╨╜╨╛╨║ ╨╜╨░ ╨┐╨╛╤З╨░╤В╨║╤Г
ok 58 - sortStudents: by-count-desc тАФ ╨╜╨░╨╣╨▒╤Ц╨╗╤М╤И╨░ ╨║╤Ц╨╗╤М╨║╤Ц╤Б╤В╤М ╨╛╤Ж╤Ц╨╜╨╛╨║ ╨╜╨░ ╨┐╨╛╤З╨░╤В╨║╤Г
  ---
  duration_ms: 0.765
  type: 'test'
  ...
# Subtest: sortStudents: by-attendance-desc тАФ ╨╜╨░╨╣╨▓╨╕╤Й╨░ ╨▓╤Ц╨┤╨▓╤Ц╨┤╤Г╨▓╨░╨╜╤Ц╤Б╤В╤М ╨╜╨░ ╨┐╨╛╤З╨░╤В╨║╤Г
ok 59 - sortStudents: by-attendance-desc тАФ ╨╜╨░╨╣╨▓╨╕╤Й╨░ ╨▓╤Ц╨┤╨▓╤Ц╨┤╤Г╨▓╨░╨╜╤Ц╤Б╤В╤М ╨╜╨░ ╨┐╨╛╤З╨░╤В╨║╤Г
  ---
  duration_ms: 1.2098
  type: 'test'
  ...
# Subtest: sortStudents: ╨╜╨╡╨▓╤Ц╨┤╨╛╨╝╨░ ╤Б╤В╤А╨░╤В╨╡╨│╤Ц╤П тЖТ ╨╖╨░╨┐╨░╤Б╨╜╨╕╨╣ ╨▓╨░╤А╤Ц╨░╨╜╤В by-name
ok 60 - sortStudents: ╨╜╨╡╨▓╤Ц╨┤╨╛╨╝╨░ ╤Б╤В╤А╨░╤В╨╡╨│╤Ц╤П тЖТ ╨╖╨░╨┐╨░╤Б╨╜╨╕╨╣ ╨▓╨░╤А╤Ц╨░╨╜╤В by-name
  ---
  duration_ms: 1.3305
  type: 'test'
  ...
# Subtest: sortStudents: ╨╜╨╡ ╨╝╤Г╤В╤Г╤Ф ╨▓╨╕╤Е╤Ц╨┤╨╜╨╕╨╣ ╨╝╨░╤Б╨╕╨▓
ok 61 - sortStudents: ╨╜╨╡ ╨╝╤Г╤В╤Г╤Ф ╨▓╨╕╤Е╤Ц╨┤╨╜╨╕╨╣ ╨╝╨░╤Б╨╕╨▓
  ---
  duration_ms: 1.4287
  type: 'test'
  ...
# Subtest: sortStudents: ╨╛╨▒'╤Ф╨║╤В strategies ╨╝╤Ц╤Б╤В╨╕╤В╤М ╨▓╤Б╤Ц ╨╛╤З╤Ц╨║╤Г╨▓╨░╨╜╤Ц ╨║╨╗╤О╤З╤Ц
ok 62 - sortStudents: ╨╛╨▒'╤Ф╨║╤В strategies ╨╝╤Ц╤Б╤В╨╕╤В╤М ╨▓╤Б╤Ц ╨╛╤З╤Ц╨║╤Г╨▓╨░╨╜╤Ц ╨║╨╗╤О╤З╤Ц
  ---
  duration_ms: 0.1089
  type: 'test'
  ...
# Subtest: findStudentsByName: ╨╖╨╜╨░╤Е╨╛╨┤╨╕╤В╤М ╨╖╨░ ╤З╨░╤Б╤В╨╕╨╜╨╛╤О ╨┐╤А╤Ц╨╖╨▓╨╕╤Й╨░
ok 63 - findStudentsByName: ╨╖╨╜╨░╤Е╨╛╨┤╨╕╤В╤М ╨╖╨░ ╤З╨░╤Б╤В╨╕╨╜╨╛╤О ╨┐╤А╤Ц╨╖╨▓╨╕╤Й╨░
  ---
  duration_ms: 0.1645
  type: 'test'
  ...
# Subtest: findStudentsByName: ╨┐╨╛╤И╤Г╨║ ╨╜╨╡╤З╤Г╤В╨╗╨╕╨▓╨╕╨╣ ╨┤╨╛ ╤А╨╡╨│╤Ц╤Б╤В╤А╤Г
ok 64 - findStudentsByName: ╨┐╨╛╤И╤Г╨║ ╨╜╨╡╤З╤Г╤В╨╗╨╕╨▓╨╕╨╣ ╨┤╨╛ ╤А╨╡╨│╤Ц╤Б╤В╤А╤Г
  ---
  duration_ms: 0.1316
  type: 'test'
  ...
# Subtest: findStudentsByName: ╨┐╨╛╤А╨╛╨╢╨╜╤Ц╨╣ ╨╖╨░╨┐╨╕╤В ╨┐╨╛╨▓╨╡╤А╤В╨░╤Ф ╨▓╤Б╤Ц╤Е ╤Б╤В╤Г╨┤╨╡╨╜╤В╤Ц╨▓
ok 65 - findStudentsByName: ╨┐╨╛╤А╨╛╨╢╨╜╤Ц╨╣ ╨╖╨░╨┐╨╕╤В ╨┐╨╛╨▓╨╡╤А╤В╨░╤Ф ╨▓╤Б╤Ц╤Е ╤Б╤В╤Г╨┤╨╡╨╜╤В╤Ц╨▓
  ---
  duration_ms: 0.097
  type: 'test'
  ...
# Subtest: findStudentsByName: ╨╜╨╡╨▓╤Ц╨┤╨╛╨╝╨╡ ╤Ц╨╝'╤П ╨┐╨╛╨▓╨╡╤А╤В╨░╤Ф ╨┐╨╛╤А╨╛╨╢╨╜╤Ц╨╣ ╨╝╨░╤Б╨╕╨▓
ok 66 - findStudentsByName: ╨╜╨╡╨▓╤Ц╨┤╨╛╨╝╨╡ ╤Ц╨╝'╤П ╨┐╨╛╨▓╨╡╤А╤В╨░╤Ф ╨┐╨╛╤А╨╛╨╢╨╜╤Ц╨╣ ╨╝╨░╤Б╨╕╨▓
  ---
  duration_ms: 0.096
  type: 'test'
  ...
# Subtest: findStudentsByName: "╨и╨╡╨▓╤З╨╡╨╜╨║╨╛" ╤Ф ╨▓ ╨║╨╛╨╢╨╜╤Ц╨╣ ╨│╤А╤Г╨┐╤Ц
ok 67 - findStudentsByName: "╨и╨╡╨▓╤З╨╡╨╜╨║╨╛" ╤Ф ╨▓ ╨║╨╛╨╢╨╜╤Ц╨╣ ╨│╤А╤Г╨┐╤Ц
  ---
  duration_ms: 0.1179
  type: 'test'
  ...
# Subtest: memoize caches value
ok 68 - memoize caches value
  ---
  duration_ms: 1.0361
  type: 'test'
  ...
# Subtest: event bus subscribe and publish
ok 69 - event bus subscribe and publish
  ---
  duration_ms: 0.9351
  type: 'test'
  ...
1..69
# tests 69
# suites 0
# pass 68
# fail 1
# cancelled 0
# skipped 0
# todo 0
# duration_ms 477.5067
